ERROR: Unknown MSP430TableGen instruction: CMP8np (@0x8224 in testcase/bsl.vulnerable)
ERROR: Unknown MSP430TableGen instruction: CMP8np (@0x8224 in testcase/bsl.nemdef)
ERROR: Unknown MSP430TableGen instruction: MOV16rSYMBOLIC (@0x8316 in testcase/ifthenloopif.nemdef)
ERROR: Symbolic addressing mode for MOV16rSYMBOLIC (@0x8316 in testcase/ifthenloopif.nemdef)
ERROR: Unknown MSP430TableGen instruction: MOV16rSYMBOLIC (@0x82f8 in testcase/ifthenlooploop.nemdef)
ERROR: Symbolic addressing mode for MOV16rSYMBOLIC (@0x82f8 in testcase/ifthenlooploop.nemdef)
ERROR: Unknown MSP430TableGen instruction: MOV16rSYMBOLIC (@0x8308 in testcase/ifthenlooploop.nemdef)
ERROR: Symbolic addressing mode for MOV16rSYMBOLIC (@0x8308 in testcase/ifthenlooploop.nemdef)
ERROR: Unknown MSP430TableGen instruction: MOV16rSYMBOLIC (@0x83d0 in testcase/ifthenlooplooptail.nemdef)
ERROR: Symbolic addressing mode for MOV16rSYMBOLIC (@0x83d0 in testcase/ifthenlooplooptail.nemdef)
ERROR: Unknown MSP430TableGen instruction: MOV16rSYMBOLIC (@0x83f8 in testcase/ifthenlooplooptail.nemdef)
ERROR: Symbolic addressing mode for MOV16rSYMBOLIC (@0x83f8 in testcase/ifthenlooplooptail.nemdef)
ERROR: Unknown MSP430TableGen instruction: MOV16rSYMBOLIC (@0x82c2 in testcase/ifthenloop.nemdef)
ERROR: Symbolic addressing mode for MOV16rSYMBOLIC (@0x82c2 in testcase/ifthenloop.nemdef)
ERROR: Unknown MSP430TableGen instruction: BIC16nc (@0x82a0 in testcase/indirect.nemdef)
ERROR: Unknown MSP430TableGen instruction: MOV16nr (@0x8240 in testcase/loop.vulnerable)
ERROR: Unknown MSP430TableGen instruction: MOV16nr (@0x824a in testcase/loop.nemdef)
ERROR: Unknown MSP430TableGen instruction: MOV16nr (@0x5e3c in testcase/multiply)
ERROR: Unknown MSP430TableGen instruction: MOV16nr (@0x5e40 in testcase/multiply)
ERROR: Unknown MSP430TableGen instruction: CMP16nc (@0x6064 in testcase/multiply)
ERROR: Unknown MSP430TableGen instruction: CMP16nc (@0x6596 in testcase/multiply)
ERROR: Unknown MSP430TableGen instruction: MOV16ni (@0x659c in testcase/multiply)
ERROR: Unknown MSP430TableGen instruction: MOV16nc (@0x65a2 in testcase/multiply)
ERROR: Unknown MSP430TableGen instruction: MOV16nc (@0x65a6 in testcase/multiply)
ERROR: Unknown MSP430TableGen instruction: MOV16nc (@0x65aa in testcase/multiply)
ERROR: Unknown MSP430TableGen instruction: MOV16nc (@0x65b4 in testcase/multiply)
ERROR: Unknown MSP430TableGen instruction: MOV16nr (@0x65c0 in testcase/multiply)
ERROR: Unknown MSP430TableGen instruction: MOV16nr (@0x65c8 in testcase/multiply)
ERROR: Unknown MSP430TableGen instruction: MOV16nr (@0x65d0 in testcase/multiply)
ERROR: Unknown MSP430TableGen instruction: MOV16nc (@0x65fa in testcase/multiply)
ERROR: Unknown MSP430TableGen instruction: CMP16nc (@0x6612 in testcase/multiply)
ERROR: Unknown MSP430TableGen instruction: MOV16nr (@0x6f04 in testcase/multiply)
ERROR: Unknown MSP430TableGen instruction: CMP16nc (@0x6f0c in testcase/multiply)
ERROR: Unknown MSP430TableGen instruction: CMP16nc (@0x6596 in testcase/multiply)
ERROR: Unknown MSP430TableGen instruction: MOV16ni (@0x659c in testcase/multiply)
ERROR: Unknown MSP430TableGen instruction: MOV16nc (@0x65a2 in testcase/multiply)
ERROR: Unknown MSP430TableGen instruction: MOV16nc (@0x65a6 in testcase/multiply)
ERROR: Unknown MSP430TableGen instruction: MOV16nc (@0x65aa in testcase/multiply)
ERROR: Unknown MSP430TableGen instruction: MOV16nc (@0x65b4 in testcase/multiply)
ERROR: Unknown MSP430TableGen instruction: MOV16nr (@0x65c0 in testcase/multiply)
ERROR: Unknown MSP430TableGen instruction: MOV16nr (@0x65c8 in testcase/multiply)
ERROR: Unknown MSP430TableGen instruction: MOV16nr (@0x65d0 in testcase/multiply)
ERROR: Unknown MSP430TableGen instruction: MOV16nc (@0x65fa in testcase/multiply)
ERROR: Unknown MSP430TableGen instruction: CMP16nc (@0x6612 in testcase/multiply)
ERROR: Unknown MSP430TableGen instruction: BIT8nc (@0x6f20 in testcase/multiply)
ERROR: Unknown MSP430TableGen instruction: CMP16nc (@0x6f26 in testcase/multiply)
ERROR: Unknown MSP430TableGen instruction: MOV16nc (@0x6f2c in testcase/multiply)
ERROR: Unknown MSP430TableGen instruction: MOV8ni (@0x6f30 in testcase/multiply)
ERROR: Unknown MSP430TableGen instruction: MOV8ni (@0x6f36 in testcase/multiply)
ERROR: Unknown MSP430TableGen instruction: MOV16nr (@0x6f62 in testcase/multiply)
ERROR: Unknown MSP430TableGen instruction: ADD16nr (@0x6f70 in testcase/multiply)
ERROR: Unknown MSP430TableGen instruction: CMP8nc (@0x6f74 in testcase/multiply)
ERROR: Unknown MSP430TableGen instruction: MOV16nc (@0x6f7e in testcase/multiply)
ERROR: Unknown MSP430TableGen instruction: MOV16nc (@0x6f82 in testcase/multiply)
ERROR: Unknown MSP430TableGen instruction: MOV16nc (@0x6f86 in testcase/multiply)
ERROR: Unknown MSP430TableGen instruction: MOV16nc (@0x6f8a in testcase/multiply)
ERROR: Unknown MSP430TableGen instruction: MOV8nc (@0x6f8e in testcase/multiply)
ERROR: Unknown MSP430TableGen instruction: MOV16nc (@0x6f92 in testcase/multiply)
ERROR: Unknown MSP430TableGen instruction: MOV16nr (@0x6fa2 in testcase/multiply)
ERROR: Unknown MSP430TableGen instruction: MOV8ni (@0x6fc0 in testcase/multiply)
ERROR: Unknown MSP430TableGen instruction: MOV8ni (@0x6fca in testcase/multiply)
ERROR: Unknown MSP430TableGen instruction: CMP8ni (@0x6fd0 in testcase/multiply)
ERROR: Unknown MSP430TableGen instruction: MOV16nr (@0x6ff8 in testcase/multiply)
ERROR: Unknown MSP430TableGen instruction: CMP16nc (@0x7708 in testcase/multiply)
ERROR: Unknown MSP430TableGen instruction: CMP16nc (@0x6596 in testcase/multiply)
ERROR: Unknown MSP430TableGen instruction: MOV16ni (@0x659c in testcase/multiply)
ERROR: Unknown MSP430TableGen instruction: MOV16nc (@0x65a2 in testcase/multiply)
ERROR: Unknown MSP430TableGen instruction: MOV16nc (@0x65a6 in testcase/multiply)
ERROR: Unknown MSP430TableGen instruction: MOV16nc (@0x65aa in testcase/multiply)
ERROR: Unknown MSP430TableGen instruction: MOV16nc (@0x65b4 in testcase/multiply)
ERROR: Unknown MSP430TableGen instruction: MOV16nr (@0x65c0 in testcase/multiply)
ERROR: Unknown MSP430TableGen instruction: MOV16nr (@0x65c8 in testcase/multiply)
ERROR: Unknown MSP430TableGen instruction: MOV16nr (@0x65d0 in testcase/multiply)
ERROR: Unknown MSP430TableGen instruction: MOV16nc (@0x65fa in testcase/multiply)
ERROR: Unknown MSP430TableGen instruction: CMP16nc (@0x6612 in testcase/multiply)
ERROR: Unknown MSP430TableGen instruction: MOV16ni (@0x772c in testcase/multiply)
ERROR: Unknown MSP430TableGen instruction: MOV16nr (@0x7736 in testcase/multiply)
ERROR: Unknown MSP430TableGen instruction: CMP16nc (@0x6c0e in testcase/multiply)
ERROR: Unknown MSP430TableGen instruction: MOV16nr (@0x6c1e in testcase/multiply)
ERROR: Unknown MSP430TableGen instruction: MOV16nr (@0x6c42 in testcase/multiply)
ERROR: Unknown MSP430TableGen instruction: MOV16nr (@0x6c46 in testcase/multiply)
ERROR: Unknown MSP430TableGen instruction: MOV16nn (@0x6c4a in testcase/multiply)
ERROR: Unknown MSP430TableGen instruction: MOV16nr (@0x6c7e in testcase/multiply)
ERROR: Unknown MSP430TableGen instruction: MOV16nr (@0x6c82 in testcase/multiply)
ERROR: Unknown MSP430TableGen instruction: MOV16nr (@0x6c98 in testcase/multiply)
ERROR: Unknown MSP430TableGen instruction: MOV16nr (@0x6c9c in testcase/multiply)
ERROR: Unknown MSP430TableGen instruction: MOV16nn (@0x6ca0 in testcase/multiply)
ERROR: Unknown MSP430TableGen instruction: MOV16ni (@0x6cae in testcase/multiply)
ERROR: Unknown MSP430TableGen instruction: MOV16nr (@0x6cd0 in testcase/multiply)
ERROR: Unknown MSP430TableGen instruction: MOV16nr (@0x6cd4 in testcase/multiply)
ERROR: Unknown MSP430TableGen instruction: MOV16nn (@0x6cd8 in testcase/multiply)
ERROR: Unknown MSP430TableGen instruction: MOV16nr (@0x6cde in testcase/multiply)
ERROR: Unknown MSP430TableGen instruction: MOV16nr (@0x6ce6 in testcase/multiply)
ERROR: Unknown MSP430TableGen instruction: MOV16ni (@0x6d10 in testcase/multiply)
ERROR: Unknown MSP430TableGen instruction: MOV16nr (@0x6d40 in testcase/multiply)
ERROR: Unknown MSP430TableGen instruction: MOV16nr (@0x6d44 in testcase/multiply)
ERROR: Unknown MSP430TableGen instruction: MOV16nr (@0x6d4e in testcase/multiply)
ERROR: Unknown MSP430TableGen instruction: MOV16nr (@0x6d52 in testcase/multiply)
ERROR: Unknown MSP430TableGen instruction: MOV16nr (@0x6d92 in testcase/multiply)
ERROR: Unknown MSP430TableGen instruction: MOV16nr (@0x6d96 in testcase/multiply)
ERROR: Unknown MSP430TableGen instruction: MOV16nr (@0x6dce in testcase/multiply)
ERROR: Unknown MSP430TableGen instruction: MOV16nr (@0x6dd2 in testcase/multiply)
ERROR: Unknown MSP430TableGen instruction: MOV16nr (@0x6dda in testcase/multiply)
ERROR: Unknown MSP430TableGen instruction: MOV16ni (@0x6d10 in testcase/multiply)
ERROR: Unknown MSP430TableGen instruction: MOV16nr (@0x6d40 in testcase/multiply)
ERROR: Unknown MSP430TableGen instruction: MOV16nr (@0x6d44 in testcase/multiply)
ERROR: Unknown MSP430TableGen instruction: MOV16nr (@0x6d4e in testcase/multiply)
ERROR: Unknown MSP430TableGen instruction: MOV16nr (@0x6d52 in testcase/multiply)
ERROR: Unknown MSP430TableGen instruction: MOV16nr (@0x6d92 in testcase/multiply)
ERROR: Unknown MSP430TableGen instruction: MOV16nr (@0x6d96 in testcase/multiply)
ERROR: Unknown MSP430TableGen instruction: MOV16nr (@0x6dce in testcase/multiply)
ERROR: Unknown MSP430TableGen instruction: MOV16nr (@0x6dd2 in testcase/multiply)
ERROR: Unknown MSP430TableGen instruction: MOV16nr (@0x6dda in testcase/multiply)
ERROR: Unknown MSP430TableGen instruction: MOV16nc (@0x7778 in testcase/multiply)
ERROR: Unknown MSP430TableGen instruction: AND16ni (@0x777c in testcase/multiply)
ERROR: Unknown MSP430TableGen instruction: MOV16nc (@0x7782 in testcase/multiply)
ERROR: Unknown MSP430TableGen instruction: MOV16nn (@0x7786 in testcase/multiply)
ERROR: Unknown MSP430TableGen instruction: BIS16nc (@0x778c in testcase/multiply)
ERROR: Unknown MSP430TableGen instruction: CMP16nc (@0x7790 in testcase/multiply)
ERROR: Unknown MSP430TableGen instruction: BIT8nc (@0x6ace in testcase/multiply)
ERROR: Unknown MSP430TableGen instruction: MOV16nr (@0x6ada in testcase/multiply)
ERROR: Unknown MSP430TableGen instruction: MOV16nr (@0x6ade in testcase/multiply)
ERROR: Unknown MSP430TableGen instruction: MOV16nc (@0x6ae2 in testcase/multiply)
ERROR: Unknown MSP430TableGen instruction: MOV16nc (@0x6a6a in testcase/multiply)
ERROR: Unknown MSP430TableGen instruction: MOV16ni (@0x6a7a in testcase/multiply)
ERROR: Unknown MSP430TableGen instruction: MOV16ni (@0x7d88 in testcase/multiply)
ERROR: Unknown MSP430TableGen instruction: MOV16ni (@0x7c80 in testcase/multiply)
ERROR: Unknown MSP430TableGen instruction: MOV16ni (@0x7d88 in testcase/multiply)
ERROR: Unknown MSP430TableGen instruction: MOV16ni (@0x7c8e in testcase/multiply)
ERROR: Unknown MSP430TableGen instruction: MOV16ni (@0x7d88 in testcase/multiply)
ERROR: Unknown MSP430TableGen instruction: MOV16ni (@0x7c9c in testcase/multiply)
ERROR: Unknown MSP430TableGen instruction: MOV16nr (@0x7cb0 in testcase/multiply)
ERROR: Unknown MSP430TableGen instruction: MOV16nr (@0x7ce8 in testcase/multiply)
ERROR: Unknown MSP430TableGen instruction: MOV16nr (@0x7cec in testcase/multiply)
ERROR: Unknown MSP430TableGen instruction: MOV16ni (@0x7d88 in testcase/multiply)
ERROR: Unknown MSP430TableGen instruction: MOV16ni (@0x7c64 in testcase/multiply)
ERROR: Unknown MSP430TableGen instruction: MOV16ni (@0x7d88 in testcase/multiply)
ERROR: Unknown MSP430TableGen instruction: MOV16ni (@0x7c72 in testcase/multiply)
ERROR: Unknown MSP430TableGen instruction: MOV16ni (@0x7d88 in testcase/multiply)
ERROR: Unknown MSP430TableGen instruction: MOV16ni (@0x7c80 in testcase/multiply)
ERROR: Unknown MSP430TableGen instruction: MOV16ni (@0x7d88 in testcase/multiply)
ERROR: Unknown MSP430TableGen instruction: MOV16ni (@0x7c8e in testcase/multiply)
ERROR: Unknown MSP430TableGen instruction: MOV16ni (@0x7d88 in testcase/multiply)
ERROR: Unknown MSP430TableGen instruction: MOV16ni (@0x7c9c in testcase/multiply)
ERROR: Unknown MSP430TableGen instruction: MOV16nr (@0x7cb0 in testcase/multiply)
ERROR: Unknown MSP430TableGen instruction: MOV8nr (@0x7d26 in testcase/multiply)
ERROR: Unknown MSP430TableGen instruction: MOV8nr (@0x7d36 in testcase/multiply)
ERROR: Unknown MSP430TableGen instruction: MOV8nr (@0x7d3a in testcase/multiply)
ERROR: Unknown MSP430TableGen instruction: MOV8nr (@0x7d3e in testcase/multiply)
ERROR: Unknown MSP430TableGen instruction: MOV16ni (@0x7d88 in testcase/multiply)
ERROR: Unknown MSP430TableGen instruction: MOV16ni (@0x7dc2 in testcase/multiply)
ERROR: Unknown MSP430TableGen instruction: MOV16nc (@0x7dce in testcase/multiply)
ERROR: Unknown MSP430TableGen instruction: MOV16nr (@0x7e04 in testcase/multiply)
ERROR: Unknown MSP430TableGen instruction: MOV16nr (@0x5e3c in testcase/multiply)
ERROR: Unknown MSP430TableGen instruction: MOV16nr (@0x5e40 in testcase/multiply)
ERROR: Unknown MSP430TableGen instruction: MOV16nr (@0x7ce8 in testcase/multiply)
ERROR: Unknown MSP430TableGen instruction: MOV16nr (@0x7cec in testcase/multiply)
ERROR: Unknown MSP430TableGen instruction: MOV16nr (@0x79de in testcase/multiply)
ERROR: Unknown MSP430TableGen instruction: MOV16nr (@0x6aa0 in testcase/multiply)
ERROR: Unknown MSP430TableGen instruction: MOV16ni (@0x6aa4 in testcase/multiply)
ERROR: Unknown MSP430TableGen instruction: MOV16ni (@0x6ab2 in testcase/multiply)
ERROR: Unknown MSP430TableGen instruction: BIT8nc (@0x6ace in testcase/multiply)
ERROR: Unknown MSP430TableGen instruction: MOV16nr (@0x6ada in testcase/multiply)
ERROR: Unknown MSP430TableGen instruction: MOV16nr (@0x6ade in testcase/multiply)
ERROR: Unknown MSP430TableGen instruction: MOV16nc (@0x6ae2 in testcase/multiply)
ERROR: Unknown MSP430TableGen instruction: MOV16nc (@0x77b8 in testcase/multiply)
ERROR: Unknown MSP430TableGen instruction: MOV16nr (@0x77c2 in testcase/multiply)
ERROR: Unknown MSP430TableGen instruction: CMP16nc (@0x77c6 in testcase/multiply)
ERROR: Unknown MSP430TableGen instruction: MOV16nr (@0x77da in testcase/multiply)
ERROR: Unknown MSP430TableGen instruction: MOV16nr (@0x77ea in testcase/multiply)
